Microchip MPLAB XC8 Compiler V2.41

Linker command line:

-W-3 \
  --edf=C:\Program Files\Microchip\xc8\v2.41\pic\dat\20230208172133_en.msgs \
  -cn -h+dist/default/production\coil6x6_rsv_coilsub.X.production.sym \
  --cmf=dist/default/production\coil6x6_rsv_coilsub.X.production.cmf -z \
  -Q16F1575 -oC:\Users\IDK\AppData\Local\Temp\xcAsc90.\driver_tmp_3.o \
  --defsym=__MPLAB_BUILD=1 --fixupoverflow=error \
  -Mdist/default/production/coil6x6_rsv_coilsub.X.production.map \
  --md=C:\Users\IDK\AppData\Local\Temp\xcAsc90.\driver_tmp_0.dat -E1 \
  -ver=XC8 Compiler --acfsm=1493 -ACODE=00h-07FFhx4 -ASTRCODE=00h-01FFFh \
  -ASTRING=00h-0FFhx32 -ACONST=00h-0FFhx32 -AENTRY=00h-0FFhx32 \
  -ACOMMON=070h-07Fh -ABANK0=020h-06Fh -ABANK1=0A0h-0EFh \
  -ABANK2=0120h-016Fh -ABANK3=01A0h-01EFh -ABANK4=0220h-026Fh \
  -ABANK5=02A0h-02EFh -ABANK6=0320h-036Fh -ABANK7=03A0h-03EFh \
  -ABANK8=0420h-046Fh -ABANK9=04A0h-04EFh -ABANK10=0520h-056Fh \
  -ABANK11=05A0h-05EFh -ABANK12=0620h-063Fh -ABIGRAM=02000h-023DFh \
  -ARAM=020h-06Fh,0A0h-0EFh,0120h-016Fh,01A0h-01EFh,0220h-026Fh,02A0h-02EFh,0320h-036Fh,03A0h-03EFh,0420h-046Fh,04A0h-04EFh,0520h-056Fh,05A0h-05EFh,0620h-063Fh \
  -AABS1=020h-07Fh,0A0h-0EFh,0120h-016Fh,01A0h-01EFh,0220h-026Fh,02A0h-02EFh,0320h-036Fh,03A0h-03EFh,0420h-046Fh,04A0h-04EFh,0520h-056Fh,05A0h-05EFh,0620h-063Fh \
  -ASFR0=00h-01Fh -ASFR1=080h-09Fh -ASFR2=0100h-011Fh -ASFR3=0180h-019Fh \
  -ASFR4=0200h-021Fh -ASFR5=0280h-029Fh -ASFR6=0300h-031Fh \
  -ASFR7=0380h-039Fh -ASFR8=0400h-041Fh -ASFR9=0480h-049Fh \
  -ASFR10=0500h-051Fh -ASFR11=0580h-059Fh -ASFR12=0600h-061Fh \
  -ASFR13=0680h-06EFh -ASFR14=0700h-076Fh -ASFR15=0780h-07EFh \
  -ASFR16=0800h-086Fh -ASFR17=0880h-08EFh -ASFR18=0900h-096Fh \
  -ASFR19=0980h-09EFh -ASFR20=0A00h-0A6Fh -ASFR21=0A80h-0AEFh \
  -ASFR22=0B00h-0B6Fh -ASFR23=0B80h-0BEFh -ASFR24=0C00h-0C6Fh \
  -ASFR25=0C80h-0CEFh -ASFR26=0D00h-0D6Fh -ASFR27=0D80h-0DEFh \
  -ASFR28=0E00h-0E6Fh -ASFR29=0E80h-0EEFh -ASFR30=0F00h-0F6Fh \
  -ASFR31=0F80h-0FEFh -ACONFIG=08007h-08008h -DCONFIG=2 \
  -AIDLOC=08000h-08003h -DIDLOC=2 -DCODE=2 -DSTRCODE=2 -DSTRING=2 -DCONST=2 \
  -DENTRY=2 -preset_vec=00h,intentry=04h,init,end_init -ppowerup=CODE \
  -pcinit=CODE -pfunctab=ENTRY -k \
  C:\Users\IDK\AppData\Local\Temp\xcAsc90.\driver_tmp_12.o \
  dist/default/production\coil6x6_rsv_coilsub.X.production.o 

Object code version is 3.11

Machine type is 16F1575



                Name                               Link     Load   Length Selector   Space Scale
C:\Users\IDK\AppData\Local\Temp\xcAsc90.\driver_tmp_12.o
                end_init                             2B       2B        2        8       0
                reset_vec                             0        0        2        0       0
                config                             8007     8007        2        0       4
dist/default/production\coil6x6_rsv_coilsub.X.production.o
                cinit                                2D       2D       14        8       0
                intentry                              4        4       27        8       0
                config                             8007     8007        2        0       4
                text25                              1E3      1E3       20        8       0
                text24                               41       41       B7        8       0
                text23                              1C3      1C3       20        8       0
                text21                              2AF      2AF        6        8       0
                text20                              2A9      2A9        6        8       0
                text19                              179      179       27        8       0
                text18                              28B      28B        C        8       0
                text17                              1A0      1A0       23        8       0
                text16                              250      250       19        8       0
                text15                              237      237       19        8       0
                text14                              2B9      2B9        4        8       0
                text13                              269      269       13        8       0
                text12                              2CC      2CC        3        8       0
                text11                              2C9      2C9        3        8       0
                text10                              21E      21E       19        8       0
                text9                               2B5      2B5        4        8       0
                text8                               2A3      2A3        6        8       0
                text7                               2C6      2C6        3        8       0
                text6                               2C3      2C3        3        8       0
                text5                               29D      29D        6        8       0
                text4                               2C0      2C0        3        8       0
                text3                               2BD      2BD        3        8       0
                text2                               203      203       1B        8       0
                text1                               27C      27C        F        8       0
                maintext                             F8       F8       81        8       0
                cstackBANK0                          68       68        3       20       1
                cstackCOMMON                         70       70        7       70       1
                clrtext                             297      297        6        8       0
                dataBANK0                            6B       6B        1       20       1
                bssBANK0                             20       20       48       20       1
                bssCOMMON                            77       77        4       70       1
                idataBANK0                          2CF      2CF        1        8       0

TOTAL           Name                               Link     Load   Length     Space
        CLASS   CODE           
                end_init                             2B       2B        2         0
                cinit                                2D       2D       14         0
                intentry                              4        4       27         0
                reset_vec                             0        0        2         0
                text25                              1E3      1E3       20         0
                text24                               41       41       B7         0
                text23                              1C3      1C3       20         0
                text21                              2AF      2AF        6         0
                text20                              2A9      2A9        6         0
                text19                              179      179       27         0
                text18                              28B      28B        C         0
                text17                              1A0      1A0       23         0
                text16                              250      250       19         0
                text15                              237      237       19         0
                text14                              2B9      2B9        4         0
                text13                              269      269       13         0
                text12                              2CC      2CC        3         0
                text11                              2C9      2C9        3         0
                text10                              21E      21E       19         0
                text9                               2B5      2B5        4         0
                text8                               2A3      2A3        6         0
                text7                               2C6      2C6        3         0
                text6                               2C3      2C3        3         0
                text5                               29D      29D        6         0
                text4                               2C0      2C0        3         0
                text3                               2BD      2BD        3         0
                text2                               203      203       1B         0
                text1                               27C      27C        F         0
                maintext                             F8       F8       81         0
                clrtext                             297      297        6         0
                idataBANK0                          2CF      2CF        1         0

        CLASS   STRCODE        

        CLASS   STRING         

        CLASS   CONST          

        CLASS   ENTRY          

        CLASS   COMMON         
                cstackCOMMON                         70       70        7         1
                bssCOMMON                            77       77        4         1

        CLASS   BANK0          
                cstackBANK0                          68       68        3         1
                dataBANK0                            6B       6B        1         1
                bssBANK0                             20       20       48         1

        CLASS   BANK1          

        CLASS   BANK2          

        CLASS   BANK3          

        CLASS   BANK4          

        CLASS   BANK5          

        CLASS   BANK6          

        CLASS   BANK7          

        CLASS   BANK8          

        CLASS   BANK9          

        CLASS   BANK10         

        CLASS   BANK11         

        CLASS   BANK12         

        CLASS   BIGRAM         

        CLASS   RAM            

        CLASS   ABS1           
                abs_s1                               7E       7E        2         1

        CLASS   SFR0           

        CLASS   SFR1           

        CLASS   SFR2           

        CLASS   SFR3           

        CLASS   SFR4           

        CLASS   SFR5           

        CLASS   SFR6           

        CLASS   SFR7           

        CLASS   SFR8           

        CLASS   SFR9           

        CLASS   SFR10          

        CLASS   SFR11          

        CLASS   SFR12          

        CLASS   SFR13          

        CLASS   SFR14          

        CLASS   SFR15          

        CLASS   SFR16          

        CLASS   SFR17          

        CLASS   SFR18          

        CLASS   SFR19          

        CLASS   SFR20          

        CLASS   SFR21          

        CLASS   SFR22          

        CLASS   SFR23          

        CLASS   SFR24          

        CLASS   SFR25          

        CLASS   SFR26          

        CLASS   SFR27          

        CLASS   SFR28          

        CLASS   SFR29          

        CLASS   SFR30          

        CLASS   SFR31          

        CLASS   CONFIG         
                config                             8007     8007        2         4

        CLASS   IDLOC          

        CLASS   BANK31         

        CLASS   BANK30         

        CLASS   BANK29         

        CLASS   BANK28         

        CLASS   BANK27         

        CLASS   BANK26         

        CLASS   BANK25         

        CLASS   BANK24         

        CLASS   BANK23         

        CLASS   BANK22         

        CLASS   BANK21         

        CLASS   BANK20         

        CLASS   BANK19         

        CLASS   BANK18         

        CLASS   BANK17         

        CLASS   BANK16         

        CLASS   BANK15         

        CLASS   BANK14         

        CLASS   BANK13         

        CLASS   HEAP           

        CLASS   STACK          

        CLASS   EEDATA         



SEGMENTS        Name                           Load    Length   Top    Selector   Space  Class     Delta

                reset_vec                      000000  000002  000002         0       0  CODE        2
                intentry                       000004  0002CC  0002D0         8       0  CODE        2
                bssBANK0                       000020  00004C  00006C        20       1  BANK0       1
                cstackCOMMON                   000070  00000B  00007B        70       1  COMMON      1


UNUSED ADDRESS RANGES

        Name                Unused          Largest block    Delta
        BANK0            0006C-0006F               4           1
        BANK1            000A0-000EF              50           1
        BANK10           00520-0056F              50           1
        BANK11           005A0-005EF              50           1
        BANK12           00620-0063F              20           1
        BANK2            00120-0016F              50           1
        BANK3            001A0-001EF              50           1
        BANK4            00220-0026F              50           1
        BANK5            002A0-002EF              50           1
        BANK6            00320-0036F              50           1
        BANK7            003A0-003EF              50           1
        BANK8            00420-0046F              50           1
        BANK9            004A0-004EF              50           1
        BIGRAM           02000-023DF             3E0           1
        CODE             00002-00003               2           2
                         002D0-01FFF             800
        COMMON           0007B-0007D               3           1
        CONST            00002-00003               2           2
                         002D0-01FFF             100
        ENTRY            00002-00003               2           2
                         002D0-01FFF             100
        IDLOC            08000-08003               4           2
        RAM              0006C-0006F               4           1
                         000A0-000EF              50
                         00120-0016F              50
                         001A0-001EF              50
                         00220-0026F              50
                         002A0-002EF              50
                         00320-0036F              50
                         003A0-003EF              50
                         00420-0046F              50
                         004A0-004EF              50
                         00520-0056F              50
                         005A0-005EF              50
                         00620-0063F              20
        SFR0             00000-0001F              20           1
        SFR1             00080-0009F              20           1
        SFR10            00500-0051F              20           1
        SFR11            00580-0059F              20           1
        SFR12            00600-0061F              20           1
        SFR13            00680-006EF              70           1
        SFR14            00700-0076F              70           1
        SFR15            00780-007EF              70           1
        SFR16            00800-0086F              70           1
        SFR17            00880-008EF              70           1
        SFR18            00900-0096F              70           1
        SFR19            00980-009EF              70           1
        SFR2             00100-0011F              20           1
        SFR20            00A00-00A6F              70           1
        SFR21            00A80-00AEF              70           1
        SFR22            00B00-00B6F              70           1
        SFR23            00B80-00BEF              70           1
        SFR24            00C00-00C6F              70           1
        SFR25            00C80-00CEF              70           1
        SFR26            00D00-00D6F              70           1
        SFR27            00D80-00DEF              70           1
        SFR28            00E00-00E6F              70           1
        SFR29            00E80-00EEF              70           1
        SFR3             00180-0019F              20           1
        SFR30            00F00-00F6F              70           1
        SFR31            00F80-00FEF              70           1
        SFR4             00200-0021F              20           1
        SFR5             00280-0029F              20           1
        SFR6             00300-0031F              20           1
        SFR7             00380-0039F              20           1
        SFR8             00400-0041F              20           1
        SFR9             00480-0049F              20           1
        STRCODE          00002-00003               2           2
                         002D0-01FFF            1D30
        STRING           00002-00003               2           2
                         002D0-01FFF             100

                                  Symbol Table

EUSART_SetRxInterruptHandler@interruptHandler cstackCOMMON 00073
EUSART_SetTxInterruptHandler@interruptHandler cstackCOMMON 00073
PWM1_DutyCycleSet@dutyCycleCount              cstackCOMMON 00073
PWM2_DutyCycleSet@dutyCycleCount              cstackCOMMON 00073
WT901_rsv_int@c                               cstackCOMMON 00072
_ANSELA                                       (abs)        0018C
_ANSELC                                       (abs)        0018E
_BAUDCON                                      (abs)        0019F
_BORCON                                       (abs)        00116
_EUSART_Initialize                            text19       00179
_EUSART_Receive_ISR                           text23       001C3
_EUSART_RxDefaultInterruptHandler             bssBANK0     00034
_EUSART_SetRxInterruptHandler                 text21       002AF
_EUSART_SetTxInterruptHandler                 text20       002A9
_EUSART_Transmit_ISR                          text25       001E3
_EUSART_TxDefaultInterruptHandler             bssBANK0     00036
_INTCONbits                                   (abs)        0000B
_INTERRUPT_InterruptManager                   intentry     00004
_LATA                                         (abs)        0010C
_LATAbits                                     (abs)        0010C
_LATC                                         (abs)        0010E
_LATCbits                                     (abs)        0010E
_ODCONA                                       (abs)        0028C
_ODCONC                                       (abs)        0028E
_OPTION_REGbits                               (abs)        00095
_OSCCON                                       (abs)        00099
_OSCILLATOR_Initialize                        text18       0028B
_OSCTUNE                                      (abs)        00098
_PIE1bits                                     (abs)        00091
_PIN_MANAGER_Initialize                       text17       001A0
_PIR1bits                                     (abs)        00011
_PLLR                                         (abs)        004D6
_PORTAbits                                    (abs)        0000C
_PORTCbits                                    (abs)        0000E
_PWM1CLKCON                                   (abs)        00D9E
_PWM1CON                                      (abs)        00D9B
_PWM1CONbits                                  (abs)        00D9B
_PWM1DCH                                      (abs)        00D94
_PWM1DCL                                      (abs)        00D93
_PWM1INTE                                     (abs)        00D9C
_PWM1INTF                                     (abs)        00D9D
_PWM1INTFbits                                 (abs)        00D9D
_PWM1LDCON                                    (abs)        00D9F
_PWM1LDCONbits                                (abs)        00D9F
_PWM1OFCON                                    (abs)        00DA0
_PWM1OFH                                      (abs)        00D98
_PWM1OFL                                      (abs)        00D97
_PWM1PHH                                      (abs)        00D92
_PWM1PHL                                      (abs)        00D91
_PWM1PRH                                      (abs)        00D96
_PWM1PRL                                      (abs)        00D95
_PWM1TMRH                                     (abs)        00D9A
_PWM1TMRL                                     (abs)        00D99
_PWM1_DutyCycleSet                            text8        002A3
_PWM1_Initialize                              text16       00250
_PWM1_LoadBufferSet                           text7        002C6
_PWM1_Start                                   text6        002C3
_PWM2CLKCON                                   (abs)        00DAE
_PWM2CON                                      (abs)        00DAB
_PWM2CONbits                                  (abs)        00DAB
_PWM2DCH                                      (abs)        00DA4
_PWM2DCL                                      (abs)        00DA3
_PWM2INTE                                     (abs)        00DAC
_PWM2INTF                                     (abs)        00DAD
_PWM2INTFbits                                 (abs)        00DAD
_PWM2LDCON                                    (abs)        00DAF
_PWM2LDCONbits                                (abs)        00DAF
_PWM2OFCON                                    (abs)        00DB0
_PWM2OFH                                      (abs)        00DA8
_PWM2OFL                                      (abs)        00DA7
_PWM2PHH                                      (abs)        00DA2
_PWM2PHL                                      (abs)        00DA1
_PWM2PRH                                      (abs)        00DA6
_PWM2PRL                                      (abs)        00DA5
_PWM2TMRH                                     (abs)        00DAA
_PWM2TMRL                                     (abs)        00DA9
_PWM2_DutyCycleSet                            text5        0029D
_PWM2_Initialize                              text15       00237
_PWM2_LoadBufferSet                           text4        002C0
_PWM2_Start                                   text3        002BD
_RA0PPS                                       (abs)        00E90
_RA1PPS                                       (abs)        00E91
_RA4PPS                                       (abs)        00E94
_RCREG                                        (abs)        00199
_RCSTA                                        (abs)        0019D
_RCSTAbits                                    (abs)        0019D
_RXPPS                                        (abs)        00E15
_SLRCONA                                      (abs)        0030C
_SLRCONC                                      (abs)        0030E
_SPBRGH                                       (abs)        0019C
_SPBRGL                                       (abs)        0019B
_SYSTEM_Initialize                            text13       00269
_TRISA                                        (abs)        0008C
_TRISC                                        (abs)        0008E
_TRISCbits                                    (abs)        0008E
_TXREG                                        (abs)        0019A
_TXSTA                                        (abs)        0019E
_TXSTAbits                                    (abs)        0019E
_WDTCON                                       (abs)        00097
_WDT_Initialize                               text14       002B9
_WPUA                                         (abs)        0020C
_WPUC                                         (abs)        0020E
_WT901_rsv_int                                text24       00041
__H__absolute__                               __absolute__ 00000
__Habs1                                       abs1         00000
__Hbank0                                      bank0        00000
__Hbank1                                      bank1        00000
__Hbank10                                     bank10       00000
__Hbank11                                     bank11       00000
__Hbank12                                     bank12       00000
__Hbank13                                     bank13       00000
__Hbank14                                     bank14       00000
__Hbank15                                     bank15       00000
__Hbank16                                     bank16       00000
__Hbank17                                     bank17       00000
__Hbank18                                     bank18       00000
__Hbank19                                     bank19       00000
__Hbank2                                      bank2        00000
__Hbank20                                     bank20       00000
__Hbank21                                     bank21       00000
__Hbank22                                     bank22       00000
__Hbank23                                     bank23       00000
__Hbank24                                     bank24       00000
__Hbank25                                     bank25       00000
__Hbank26                                     bank26       00000
__Hbank27                                     bank27       00000
__Hbank28                                     bank28       00000
__Hbank29                                     bank29       00000
__Hbank3                                      bank3        00000
__Hbank30                                     bank30       00000
__Hbank31                                     bank31       00000
__Hbank4                                      bank4        00000
__Hbank5                                      bank5        00000
__Hbank6                                      bank6        00000
__Hbank7                                      bank7        00000
__Hbank8                                      bank8        00000
__Hbank9                                      bank9        00000
__Hbigram                                     bigram       00000
__HbssBANK0                                   bssBANK0     00000
__HbssCOMMON                                  bssCOMMON    00000
__Hcinit                                      cinit        00041
__Hclrtext                                    clrtext      00000
__Hcode                                       code         00000
__Hcommon                                     common       00000
__Hconfig                                     config       08009
__HcstackBANK0                                cstackBANK0  00000
__HcstackCOMMON                               cstackCOMMON 00000
__HdataBANK0                                  dataBANK0    00000
__Heeprom_data                                eeprom_data  00000
__Hend_init                                   end_init     0002D
__Hfunctab                                    functab      00000
__Hheap                                       heap         00000
__HidataBANK0                                 idataBANK0   00000
__Hinit                                       init         0002B
__Hintentry                                   intentry     0002B
__Hmaintext                                   maintext     00000
__Hpowerup                                    powerup      00000
__Hram                                        ram          00000
__Hreset_vec                                  reset_vec    00002
__Hsfr0                                       sfr0         00000
__Hsfr1                                       sfr1         00000
__Hsfr10                                      sfr10        00000
__Hsfr11                                      sfr11        00000
__Hsfr12                                      sfr12        00000
__Hsfr13                                      sfr13        00000
__Hsfr14                                      sfr14        00000
__Hsfr15                                      sfr15        00000
__Hsfr16                                      sfr16        00000
__Hsfr17                                      sfr17        00000
__Hsfr18                                      sfr18        00000
__Hsfr19                                      sfr19        00000
__Hsfr2                                       sfr2         00000
__Hsfr20                                      sfr20        00000
__Hsfr21                                      sfr21        00000
__Hsfr22                                      sfr22        00000
__Hsfr23                                      sfr23        00000
__Hsfr24                                      sfr24        00000
__Hsfr25                                      sfr25        00000
__Hsfr26                                      sfr26        00000
__Hsfr27                                      sfr27        00000
__Hsfr28                                      sfr28        00000
__Hsfr29                                      sfr29        00000
__Hsfr3                                       sfr3         00000
__Hsfr30                                      sfr30        00000
__Hsfr31                                      sfr31        00000
__Hsfr4                                       sfr4         00000
__Hsfr5                                       sfr5         00000
__Hsfr6                                       sfr6         00000
__Hsfr7                                       sfr7         00000
__Hsfr8                                       sfr8         00000
__Hsfr9                                       sfr9         00000
__Hspace_0                                    (abs)        002D0
__Hspace_1                                    (abs)        0007B
__Hspace_2                                    (abs)        00000
__Hspace_3                                    (abs)        00000
__Hspace_4                                    (abs)        10010
__Hstack                                      stack        00000
__Hstrings                                    strings      00000
__Htext                                       text         00000
__L__absolute__                               __absolute__ 00000
__Labs1                                       abs1         00000
__Lbank0                                      bank0        00000
__Lbank1                                      bank1        00000
__Lbank10                                     bank10       00000
__Lbank11                                     bank11       00000
__Lbank12                                     bank12       00000
__Lbank13                                     bank13       00000
__Lbank14                                     bank14       00000
__Lbank15                                     bank15       00000
__Lbank16                                     bank16       00000
__Lbank17                                     bank17       00000
__Lbank18                                     bank18       00000
__Lbank19                                     bank19       00000
__Lbank2                                      bank2        00000
__Lbank20                                     bank20       00000
__Lbank21                                     bank21       00000
__Lbank22                                     bank22       00000
__Lbank23                                     bank23       00000
__Lbank24                                     bank24       00000
__Lbank25                                     bank25       00000
__Lbank26                                     bank26       00000
__Lbank27                                     bank27       00000
__Lbank28                                     bank28       00000
__Lbank29                                     bank29       00000
__Lbank3                                      bank3        00000
__Lbank30                                     bank30       00000
__Lbank31                                     bank31       00000
__Lbank4                                      bank4        00000
__Lbank5                                      bank5        00000
__Lbank6                                      bank6        00000
__Lbank7                                      bank7        00000
__Lbank8                                      bank8        00000
__Lbank9                                      bank9        00000
__Lbigram                                     bigram       00000
__LbssBANK0                                   bssBANK0     00000
__LbssCOMMON                                  bssCOMMON    00000
__Lcinit                                      cinit        0002D
__Lclrtext                                    clrtext      00000
__Lcode                                       code         00000
__Lcommon                                     common       00000
__Lconfig                                     config       00000
__LcstackBANK0                                cstackBANK0  00000
__LcstackCOMMON                               cstackCOMMON 00000
__LdataBANK0                                  dataBANK0    00000
__Leeprom_data                                eeprom_data  00000
__Lend_init                                   end_init     0002B
__Lfunctab                                    functab      00000
__Lheap                                       heap         00000
__LidataBANK0                                 idataBANK0   00000
__Linit                                       init         0002B
__Lintentry                                   intentry     00004
__Lmaintext                                   maintext     00000
__Lpowerup                                    powerup      00000
__Lram                                        ram          00000
__Lreset_vec                                  reset_vec    00000
__Lsfr0                                       sfr0         00000
__Lsfr1                                       sfr1         00000
__Lsfr10                                      sfr10        00000
__Lsfr11                                      sfr11        00000
__Lsfr12                                      sfr12        00000
__Lsfr13                                      sfr13        00000
__Lsfr14                                      sfr14        00000
__Lsfr15                                      sfr15        00000
__Lsfr16                                      sfr16        00000
__Lsfr17                                      sfr17        00000
__Lsfr18                                      sfr18        00000
__Lsfr19                                      sfr19        00000
__Lsfr2                                       sfr2         00000
__Lsfr20                                      sfr20        00000
__Lsfr21                                      sfr21        00000
__Lsfr22                                      sfr22        00000
__Lsfr23                                      sfr23        00000
__Lsfr24                                      sfr24        00000
__Lsfr25                                      sfr25        00000
__Lsfr26                                      sfr26        00000
__Lsfr27                                      sfr27        00000
__Lsfr28                                      sfr28        00000
__Lsfr29                                      sfr29        00000
__Lsfr3                                       sfr3         00000
__Lsfr30                                      sfr30        00000
__Lsfr31                                      sfr31        00000
__Lsfr4                                       sfr4         00000
__Lsfr5                                       sfr5         00000
__Lsfr6                                       sfr6         00000
__Lsfr7                                       sfr7         00000
__Lsfr8                                       sfr8         00000
__Lsfr9                                       sfr9         00000
__Lspace_0                                    (abs)        00000
__Lspace_1                                    (abs)        00000
__Lspace_2                                    (abs)        00000
__Lspace_3                                    (abs)        00000
__Lspace_4                                    (abs)        00000
__Lstack                                      stack        00000
__Lstrings                                    strings      00000
__Ltext                                       text         00000
__S0                                          (abs)        002D0
__S1                                          (abs)        0007B
___heap_hi                                    (abs)        00000
___heap_lo                                    (abs)        00000
___int_sp                                     stack        00000
___latbits                                    (abs)        00002
___sp                                         stack        00000
___stackhi                                    (abs)        00000
___stacklo                                    (abs)        00000
__end_of_EUSART_Initialize                    text19       001A0
__end_of_EUSART_Receive_ISR                   text23       001E3
__end_of_EUSART_SetRxInterruptHandler         text21       002B5
__end_of_EUSART_SetTxInterruptHandler         text20       002AF
__end_of_EUSART_Transmit_ISR                  text25       00203
__end_of_INTERRUPT_InterruptManager           intentry     0002B
__end_of_OSCILLATOR_Initialize                text18       00297
__end_of_PIN_MANAGER_Initialize               text17       001C3
__end_of_PWM1_DutyCycleSet                    text8        002A9
__end_of_PWM1_Initialize                      text16       00269
__end_of_PWM1_LoadBufferSet                   text7        002C9
__end_of_PWM1_Start                           text6        002C6
__end_of_PWM2_DutyCycleSet                    text5        002A3
__end_of_PWM2_Initialize                      text15       00250
__end_of_PWM2_LoadBufferSet                   text4        002C3
__end_of_PWM2_Start                           text3        002C0
__end_of_SYSTEM_Initialize                    text13       0027C
__end_of_WDT_Initialize                       text14       002BD
__end_of_WT901_rsv_int                        text24       000F8
__end_of__initialization                      cinit        0003D
__end_of_check_rsv                            text10       00237
__end_of_clear_rsv_size                       text9        002B9
__end_of_get_rsv_size1                        text12       002CF
__end_of_get_rsv_size2                        text11       002CC
__end_of_main                                 maintext     00179
__end_of_set_pwm                              text2        0021E
__end_of_set_rsv_buf                          text1        0028B
__initialization                              cinit        0002D
__pbssBANK0                                   bssBANK0     00020
__pbssCOMMON                                  bssCOMMON    00077
__pcstackBANK0                                cstackBANK0  00068
__pcstackCOMMON                               cstackCOMMON 00070
__pdataBANK0                                  dataBANK0    0006B
__pidataBANK0                                 idataBANK0   002CF
__pintentry                                   intentry     00004
__pmaintext                                   maintext     000F8
__ptext1                                      text1        0027C
__ptext10                                     text10       0021E
__ptext11                                     text11       002C9
__ptext12                                     text12       002CC
__ptext13                                     text13       00269
__ptext14                                     text14       002B9
__ptext15                                     text15       00237
__ptext16                                     text16       00250
__ptext17                                     text17       001A0
__ptext18                                     text18       0028B
__ptext19                                     text19       00179
__ptext2                                      text2        00203
__ptext20                                     text20       002A9
__ptext21                                     text21       002AF
__ptext23                                     text23       001C3
__ptext24                                     text24       00041
__ptext25                                     text25       001E3
__ptext3                                      text3        002BD
__ptext4                                      text4        002C0
__ptext5                                      text5        0029D
__ptext6                                      text6        002C3
__ptext7                                      text7        002C6
__ptext8                                      text8        002A3
__ptext9                                      text9        002B5
_aa                                           bssBANK0     00060
_av                                           bssBANK0     00058
_check_rsv                                    text10       0021E
_clear_rsv_size                               text9        002B5
_eusartRxBuffer                               bssBANK0     00020
_eusartRxCount                                bssBANK0     00045
_eusartRxHead                                 bssBANK0     00047
_eusartRxTail                                 bssBANK0     00046
_eusartTxBuffer                               bssBANK0     00028
_eusartTxBufferRemaining                      bssCOMMON    00078
_eusartTxHead                                 bssCOMMON    0007A
_eusartTxTail                                 bssCOMMON    00079
_get_rsv_size1                                text12       002CC
_get_rsv_size2                                text11       002C9
_main                                         maintext     000F8
_n_off                                        bssBANK0     00043
_n_on                                         bssBANK0     00044
_rsv_buf1                                     bssBANK0     0003B
_rsv_buf1_size                                bssBANK0     0003A
_rsv_buf2                                     bssBANK0     00039
_rsv_buf2_size                                bssBANK0     00038
_rsv_cmd                                      bssBANK0     0003D
_rsv_csum                                     bssBANK0     0003C
_rsv_mode                                     bssBANK0     00040
_rsv_n                                        bssCOMMON    00077
_rsv_size1                                    bssBANK0     0003F
_rsv_size2                                    bssBANK0     0003E
_set_pwm                                      text2        00203
_set_rsv_buf                                  text1        0027C
_temp_buf                                     bssBANK0     00048
_trigger                                      bssBANK0     00042
btemp                                         (abs)        0007E
check_rsv@n                                   cstackCOMMON 00073
clear_ram0                                    clrtext      00297
end_of_initialization                         cinit        0003D
int$flags                                     (abs)        0007E
intlevel0                                     functab      00000
intlevel1                                     functab      00000
intlevel2                                     functab      00000
intlevel3                                     functab      00000
intlevel4                                     functab      00000
intlevel5                                     functab      00000
main@t                                        cstackBANK0  00069
reset_vec                                     reset_vec    00000
set_rsv_buf@buf1                              cstackCOMMON 00076
set_rsv_buf@buf2                              cstackCOMMON 00074
set_rsv_buf@size1                             cstackCOMMON 00073
set_rsv_buf@size2                             cstackCOMMON 00075
start                                         init         0002B
start_initialization                          cinit        0002D
wtemp0                                        (abs)        0007E


MODULE INFORMATION

Module		Function		Class		Link	Load	Size
mcc_generated_files/interrupt_manager.c
		_INTERRUPT_InterruptManager		CODE           	0004	0000	39

mcc_generated_files/interrupt_manager.c estimated size: 39

mcc_generated_files/pwm2.c
		_PWM2_Initialize		CODE           	0237	0000	25
		_PWM2_Start    		CODE           	02BD	0000	3
		_PWM2_LoadBufferSet		CODE           	02C0	0000	3
		_PWM2_DutyCycleSet		CODE           	029D	0000	6

mcc_generated_files/pwm2.c estimated size: 37

mcc_generated_files/pin_manager.c
		_PIN_MANAGER_Initialize		CODE           	01A0	0000	35

mcc_generated_files/pin_manager.c estimated size: 35

wt901.c
		_set_rsv_buf   		CODE           	027C	0000	15
		_WT901_rsv_int 		CODE           	0041	0000	183
		_clear_rsv_size		CODE           	02B5	0000	4
		_get_rsv_size1 		CODE           	02CC	0000	3
		_get_rsv_size2 		CODE           	02C9	0000	3

wt901.c estimated size: 208

shared
		__initialization		CODE           	002D	0000	16

shared estimated size: 16

mcc_generated_files/mcc.c
		_WDT_Initialize		CODE           	02B9	0000	4
		_OSCILLATOR_Initialize		CODE           	028B	0000	12
		_SYSTEM_Initialize		CODE           	0269	0000	19

mcc_generated_files/mcc.c estimated size: 35

mcc_generated_files/pwm1.c
		_PWM1_Initialize		CODE           	0250	0000	25
		_PWM1_Start    		CODE           	02C3	0000	3
		_PWM1_LoadBufferSet		CODE           	02C6	0000	3
		_PWM1_DutyCycleSet		CODE           	02A3	0000	6

mcc_generated_files/pwm1.c estimated size: 37

mcc_generated_files/eusart.c
		_EUSART_SetRxInterruptHandler		CODE           	02AF	0000	6
		_EUSART_SetTxInterruptHandler		CODE           	02A9	0000	6
		_EUSART_Transmit_ISR		CODE           	01E3	0000	32
		_EUSART_Initialize		CODE           	0179	0000	39
		_EUSART_Receive_ISR		CODE           	01C3	0000	32

mcc_generated_files/eusart.c estimated size: 115

main.c
		_main          		CODE           	00F8	0000	129
		_check_rsv     		CODE           	021E	0000	25
		_set_pwm       		CODE           	0203	0000	27

main.c estimated size: 181

